node.exe : npm verbose cli C:\Program Files\nodejs\node.exe C:\Program 
Files\nodejs\node_modules\npm\bin\npm-cli.js
At C:\Program Files\nodejs\npm.ps1:29 char:3
+   & $NODE_EXE $NPM_CLI_JS $args
+   ~~~~~~~~~~~~~~~~~~~~~~~~~~~~~
    + CategoryInfo          : NotSpecified: (npm verbose cli...\bin\npm-cli.js 
   :String) [], RemoteException
    + FullyQualifiedErrorId : NativeCommandError
 
npm info using npm@10.9.2
npm info using node@v22.17.1
npm verbose title npm run build
npm verbose argv "run" "build" "--loglevel" "verbose"
npm verbose logfile logs-max:10 
dir:C:\Users\PC\AppData\Local\npm-cache\_logs\2026-04-08T14_15_36_485Z-

npm verbose logfile 
C:\Users\PC\AppData\Local\npm-cache\_logs\2026-04-08T14_15_36_485Z-debug-0.log


> my-project@0.1.0 build
> next build

Γû▓ Next.js 16.2.0 (Turbopack)
- Environments: .env.local

  Creating an optimized production build ...


> Build error occurred

Error: Turbopack build failed with 1 errors:
./app/page.tsx:394:6
Unterminated regexp literal
  [90m392 |[0m       </footer>
  [90m393 |[0m       </div>
[31m[1m>[0m [90m394 |[0m     </div
  [90m    |[0m      [31m[1m^^^^[0m
  [90m395 |[0m }
  [90m396 |[0m

Parsing ecmascript source code failed


    at <unknown> (./app/page.tsx:394:6)

npm verbose cwd D:\Project Websites\Shekoni

npm verbose os Windows_NT 10.0.18362

npm verbose node v22.17.1

npm verbose npm  v10.9.2

npm verbose exit 1

npm verbose code 1

